[Licensing::Module] Trying to connect to existing licensing client channel...
Built from '6000.4/staging' branch; Version is '6000.4.2f1 (7a4c1aeef971) revision 8014874'; Using compiler version '194234433'; Build Type 'Release'
OS: 'Windows 11  (10.0.26200) Core' Language: 'tr' Physical Memory: 15710 MB
[Licensing::IpcConnector] Successfully connected to: "LicenseClient-alper" at "2026-06-01T17:55:46.4782967Z"
BatchMode: 1, IsHumanControllingUs: 0, StartBugReporterOnCrash: 0, Is64bit: 1
System  architecture: x64
Process architecture: x64
Date: 2026-06-01T17:55:46Z

COMMAND LINE ARGUMENTS:
C:\Program Files\Unity\Hub\Editor\6000.4.2f1\Editor\Unity.exe
-adb2
-batchMode
-noUpm
-name
AssetImportWorker4
-projectPath
C:/Users/alper/OneDrive/Masaüstü/Projects/Unity/Fantasy_Bookshop/Fantasy_Bookshop
-logFile
Logs/AssetImportWorker4.log
-srvPort
52186
-licensingIpc
LicenseClient-alper
-force-d3d12
-job-worker-count
5
-background-job-worker-count
8
-gc-helper-count
1
-name
AssetImport
Successfully changed project path to: C:/Users/alper/OneDrive/Masaüstü/Projects/Unity/Fantasy_Bookshop/Fantasy_Bookshop
C:/Users/alper/OneDrive/Masaüstü/Projects/Unity/Fantasy_Bookshop/Fantasy_Bookshop
[UnityMemory] Configuration Parameters - Can be set up in boot.config
    "memorysetup-temp-allocator-size-gi-baking-worker=262144"
    "memorysetup-temp-allocator-size-gi-baking-worker=262144"
    "memorysetup-temp-allocator-size-gi-baking-worker=262144"
    "memorysetup-temp-allocator-size-gi-baking-worker=262144"
    "memorysetup-temp-allocator-size-gi-baking-worker=262144"
    "memorysetup-temp-allocator-size-nav-mesh-worker=65536"
    "memorysetup-temp-allocator-size-audio-worker=65536"
    "memorysetup-temp-allocator-size-cloud-worker=32768"
    "memorysetup-temp-allocator-size-gfx=262144"
    "memorysetup-temp-allocator-size-preload-manager=33554432"
    "memorysetup-temp-allocator-size-job-worker=262144"
    "memorysetup-temp-allocator-size-background-worker=32768"
    "memorysetup-allocator-temp-initial-block-size-main=262144"
    "memorysetup-allocator-temp-initial-block-size-worker=262144"
    "memorysetup-bucket-allocator-granularity=16"
    "memorysetup-bucket-allocator-bucket-count=8"
    "memorysetup-bucket-allocator-block-size=33554432"
    "memorysetup-bucket-allocator-block-count=8"
    "memorysetup-main-allocator-block-size=16777216"
    "memorysetup-thread-allocator-block-size=16777216"
    "memorysetup-gfx-main-allocator-block-size=16777216"
    "memorysetup-gfx-thread-allocator-block-size=16777216"
    "memorysetup-cache-allocator-block-size=4194304"
    "memorysetup-typetree-allocator-block-size=2097152"
    "memorysetup-profiler-bucket-allocator-granularity=16"
    "memorysetup-profiler-bucket-allocator-bucket-count=8"
    "memorysetup-profiler-bucket-allocator-block-size=33554432"
    "memorysetup-profiler-bucket-allocator-block-count=8"
    "memorysetup-profiler-allocator-block-size=16777216"
    "memorysetup-profiler-editor-allocator-block-size=1048576"
    "memorysetup-temp-allocator-size-main=16777216"
    "memorysetup-job-temp-allocator-block-size=2097152"
    "memorysetup-job-temp-allocator-block-size-background=1048576"
    "memorysetup-job-temp-allocator-reduction-small-platforms=262144"
Player connection [12588]  Target information:

Player connection [12588]  * "[IP] 192.168.224.1 [Port] 0 [Flags] 2 [Guid] 775763013 [EditorId] 775763013 [Version] 1048832 [Id] WindowsEditor(7,ALPER) [Debug] 1 [PackageName] WindowsEditor [ProjectName] Editor" 

Player connection [12588]  * "[IP] 26.91.186.137 [Port] 0 [Flags] 2 [Guid] 775763013 [EditorId] 775763013 [Version] 1048832 [Id] WindowsEditor(7,ALPER) [Debug] 1 [PackageName] WindowsEditor [ProjectName] Editor" 

Player connection [12588]  * "[IP] 192.168.1.150 [Port] 0 [Flags] 2 [Guid] 775763013 [EditorId] 775763013 [Version] 1048832 [Id] WindowsEditor(7,ALPER) [Debug] 1 [PackageName] WindowsEditor [ProjectName] Editor" 

Player connection [12588] Host joined multi-casting on [225.0.0.222:54997]...
Player connection [12588] Host joined alternative multi-casting on [225.0.0.222:34997]...
JobSystem: Creating JobQueue using job-worker-count value 5
Input System module state changed to: Initialized.
[Physics::Module] Initialized fallback backend.
[Physics::Module] Id: 0xdecafbad
Library Redirect Path: Library/
[Physics::Module] Selected backend.
[Physics::Module] Name: PhysX
[Physics::Module] Id: 0xf2b8ea05
[Physics::Module] SDK Version: 4.1.2
[Physics::Module] Integration Version: 1.0.0
[Physics::Module] Threading Mode: Multi-Threaded
Initialize engine version: 6000.4.2f1 (7a4c1aeef971)
[Subsystems] Discovering subsystems at path C:/Program Files/Unity/Hub/Editor/6000.4.2f1/Editor/Data/Resources/UnitySubsystems
[Subsystems] Discovering subsystems at path C:/Users/alper/OneDrive/Masaüstü/Projects/Unity/Fantasy_Bookshop/Fantasy_Bookshop/Assets
Forcing GfxDevice: Direct3D 12
GfxDevice: creating device client; kGfxThreadingModeNonThreaded
d3d12: failed to query info queue interface (0x80004002).
Direct3D:
    Version:         Direct3D 12 [level 12.2]
    Renderer:        NVIDIA GeForce RTX 3050 Ti Laptop GPU (ID=0x25a0)
    Vendor:          NVIDIA
    VRAM:            3962 MB
    App VRAM Budget: 3367 MB
    Driver:          32.0.15.8183
Initialize mono
Mono path[0] = 'C:/Program Files/Unity/Hub/Editor/6000.4.2f1/Editor/Data/Managed'
Mono path[1] = 'C:/Program Files/Unity/Hub/Editor/6000.4.2f1/Editor/Data/MonoBleedingEdge/lib/mono/unityjit-win32'
Mono config path = 'C:/Program Files/Unity/Hub/Editor/6000.4.2f1/Editor/Data/MonoBleedingEdge/etc'
Using monoOptions --debugger-agent=transport=dt_socket,embedding=1,server=y,suspend=n,address=127.0.0.1:56228
CodeReloadManager initialized
[Licensing::Client] Error: HandshakeResponse reported an error:
	ResponseCode: 505
	ResponseStatus: Unsupported protocol version '1.18.1'.
[Licensing::Module] Error: Failed to handshake to channel: "LicenseClient-alper"
[Licensing::IpcConnector] LicenseClient-alper channel disconnected successfully.
[Licensing::IpcConnector] Successfully connected to: "LicenseClient-alper-6000.4.2" at "2026-06-01T17:55:52.9568951Z"
[Licensing::Client] Handshaking with LicensingClient:
  Version:                 1.18.1+9fbee8e
  Session Id:              098c2ed19b9a462b9e836b6f443f304d
  Correlation Id:          e9d8efc9bb2132723f7cef155ad51016
  External correlation Id: 4984833121907128672
  Machine Id:              aPOowwCoNmlmzRmhT7+iaNc/opM=
[Licensing::Module] Successfully connected to LicensingClient on channel: "LicenseClient-alper-6000.4.2" (connect: 0.00s, validation: 0.00s, handshake: 6.33s)
[Licensing::IpcConnector] Successfully connected to: "LicenseClient-alper-6000.4.2-notifications" at "2026-06-01T17:55:59.2897814Z"
[Licensing::Module] Licensing Background thread has ended after 12.81s
Begin MonoManager ReloadAssembly
Registering precompiled unity dll's ...
Register platform support module: C:/Program Files/Unity/Hub/Editor/6000.4.2f1/Editor/Data/PlaybackEngines/WindowsStandaloneSupport/UnityEditor.WindowsStandalone.Extensions.dll
Registered in 0.483836 seconds.
Native extension for WindowsStandalone target not found
Package Manager log level set to [2]
[Package Manager] Failed to launch server process. Reason: Unity was launched with the -noUpm command-line argument
[Package Manager] Unable to send message (not connected to server process).
[Package Manager] Cannot connect to Unity Package Manager local server
ScheduleIndexationOnStartup MainProcess:False IndexOnStartup:True
Mono: successfully reloaded assembly
- Finished resetting the current domain, in  1.004 seconds
Domain Reload Profiling: 8905ms
	BeginReloadAssembly (1500ms)
	RebuildCommonClasses (1895ms)
	RebuildNativeTypeToScriptingClass (41ms)
	initialDomainReloadingComplete (673ms)
	LoadAllAssembliesAndSetupDomain (3788ms)
		LoadAssemblies (1484ms)
		AnalyzeDomain (3764ms)
			TypeCache.Refresh (3761ms)
				TypeCache.ScanAssembly (2840ms)
	FinalizeReload (1008ms)
		SetupLoadedEditorAssemblies (0ms)
			InitializePlatformSupportModulesInManaged (91ms)
			BeforeProcessingInitializeOnLoad (236ms)
			ProcessInitializeOnLoadAttributes (292ms)
			ProcessInitializeOnLoadMethodAttributes (236ms)
========================================================================
Worker process is ready to serve import requests
Import Worker Mode flag is 0x00
Begin MonoManager ReloadAssembly
[Licensing::Client] Successfully resolved entitlement details
[Licensing::Module] License group:
  Id: F4-EDDV-NH36-DFSG-KPVM-XXXX
  Product: Unity Personal
  Type: ULF
  Expiration: Unlimited
[Licensing::Module] License group:
  Id: 18967685329695-UnityPersXXXX
  Product: Unity Personal
  Type: Assigned
  Expiration: Unlimited
Assembly Assembly-CSharp-Editor-firstpass.dll at Library/ScriptAssemblies/Assembly-CSharp-Editor-firstpass.dll not valid. Loading of assembly skipped.
Assembly Assembly-CSharp-Editor.dll at Library/ScriptAssemblies/Assembly-CSharp-Editor.dll not valid. Loading of assembly skipped.
Assembly Assembly-CSharp-firstpass.dll at Library/ScriptAssemblies/Assembly-CSharp-firstpass.dll not valid. Loading of assembly skipped.
Assembly Unity.2D.Sprite.Package.EditorTests.dll at Library/ScriptAssemblies/Unity.2D.Sprite.Package.EditorTests.dll not valid. Loading of assembly skipped.
Assembly Unity.Multiplayer.Center.Editor.Tests.dll at Library/ScriptAssemblies/Unity.Multiplayer.Center.Editor.Tests.dll not valid. Loading of assembly skipped.
Assembly Unity.Multiplayer.Center.Tests.dll at Library/ScriptAssemblies/Unity.Multiplayer.Center.Tests.dll not valid. Loading of assembly skipped.
Assembly Unity.TextMeshPro.Editor.Tests.dll at Library/ScriptAssemblies/Unity.TextMeshPro.Editor.Tests.dll not valid. Loading of assembly skipped.
Assembly Unity.TextMeshPro.Tests.dll at Library/ScriptAssemblies/Unity.TextMeshPro.Tests.dll not valid. Loading of assembly skipped.
Assembly UnityEditor.UI.Common.Tests.dll at Library/ScriptAssemblies/UnityEditor.UI.Common.Tests.dll not valid. Loading of assembly skipped.
Assembly UnityEditor.UI.EditorTests.dll at Library/ScriptAssemblies/UnityEditor.UI.EditorTests.dll not valid. Loading of assembly skipped.
Assembly UnityEngine.UI.Tests.dll at Library/ScriptAssemblies/UnityEngine.UI.Tests.dll not valid. Loading of assembly skipped.
Native extension for WindowsStandalone target not found
[Package Manager] Failed to launch server process. Reason: Unity was launched with the -noUpm command-line argument
[Package Manager] Unable to send message (not connected to server process).
[Package Manager] Cannot connect to Unity Package Manager local server
ScheduleIndexationOnStartup MainProcess:False IndexOnStartup:True
Mono: successfully reloaded assembly
- Finished resetting the current domain, in  0.894 seconds
Domain Reload Profiling: 5682ms
	BeginReloadAssembly (466ms)
		DisableScriptedObjects (17ms)
		CreateAndSetChildDomain (49ms)
	RebuildCommonClasses (107ms)
	RebuildNativeTypeToScriptingClass (26ms)
	initialDomainReloadingComplete (4002ms)
	LoadAllAssembliesAndSetupDomain (184ms)
		LoadAssemblies (425ms)
		AnalyzeDomain (41ms)
			TypeCache.Refresh (23ms)
				TypeCache.ScanAssembly (15ms)
			BuildScriptInfoCaches (10ms)
			ResolveRequiredComponents (6ms)
	FinalizeReload (897ms)
		SetupLoadedEditorAssemblies (0ms)
			InitializePlatformSupportModulesInManaged (7ms)
			BeforeProcessingInitializeOnLoad (266ms)
			ProcessInitializeOnLoadAttributes (200ms)
			ProcessInitializeOnLoadMethodAttributes (125ms)
			AfterProcessingInitializeOnLoad (24ms)
		AwakeInstancesAfterBackupRestoration (19ms)
Launched and connected shader compiler UnityShaderCompiler.exe after 0.08 seconds
Unloading 0 Unused Serialized files (Serialized files now loaded: 0)
Unloading 504 unused Assets / (99.0 KB). Loaded Objects now: 1124.
Memory consumption went from 69.9 MB to 69.8 MB.
Total: 8.119700 ms (FindLiveObjects: 0.152800 ms CreateObjectMapping: 0.047400 ms MarkObjects: 7.581200 ms  DeleteObjects: 0.333300 ms)

========================================================================
Received Import Request.
  Time since last request: 80757.366991 seconds.
  path: Assets/Items/ElfBooks/ElfBooks_0_Data.asset
  importAddress: Guid(3a37ad39a1cc0c542bb212a28a502942) Importer(815301076,1909f56bfc062723c751e8b465ee728b)
Start importing Assets/Items/ElfBooks/ElfBooks_0_Data.asset using Guid(3a37ad39a1cc0c542bb212a28a502942) Importer(815301076,1909f56bfc062723c751e8b465ee728b) (PreviewImporter) -> (Import Result ID: 'd85fe3b610dce59080bbf3f21c815a66') in 0.1312791 seconds [static and dynamic dependencies]. Details - ImportResultOutputID=a2a75ec3c5f12250d9380f12e2c39516 DependenciesID=7027bdd17bf7fb2349a8ef5dd8c20b08 StaticDependenciesID=0fee12a3ef0088a5fdb066a883d283df 
Number of updated asset objects reloaded before import = 0Number of asset objects unloaded after import = 2

========================================================================
Received Import Request.
  Time since last request: 0.000048 seconds.
  path: Assets/Items/ElfBooks/ElfBooks_6_Data.asset
  importAddress: Guid(88a4e47dc2fc5804388872a24e4c81ea) Importer(815301076,1909f56bfc062723c751e8b465ee728b)
Start importing Assets/Items/ElfBooks/ElfBooks_6_Data.asset using Guid(88a4e47dc2fc5804388872a24e4c81ea) Importer(815301076,1909f56bfc062723c751e8b465ee728b) (PreviewImporter) -> (Import Result ID: 'a922e7745b96fbd8160c1deef366adac') in 0.0028396 seconds [static and dynamic dependencies]. Details - ImportResultOutputID=7d6d758fa89b863254244912f931e229 DependenciesID=8be90b3f21fa3d6660486d5a7869b145 StaticDependenciesID=a282113500d44a4f20c8f5b490756715 
Number of updated asset objects reloaded before import = 0Number of asset objects unloaded after import = 2

========================================================================
Received Import Request.
  Time since last request: 0.011645 seconds.
  path: Assets/Items/ElfBooks/ElfBooks_7_Data.asset
  importAddress: Guid(4771e6efd7918434a876bc3ca6e945e8) Importer(815301076,1909f56bfc062723c751e8b465ee728b)
Start importing Assets/Items/ElfBooks/ElfBooks_7_Data.asset using Guid(4771e6efd7918434a876bc3ca6e945e8) Importer(815301076,1909f56bfc062723c751e8b465ee728b) (PreviewImporter) -> (Import Result ID: '174cdbe4ca11556fb8fe242025ee5bb2') in 0.002445 seconds [static and dynamic dependencies]. Details - ImportResultOutputID=fd401db1a0276d341446be70c35052b3 DependenciesID=e6ac0c10632bfdf30de32ed8fa69d46b StaticDependenciesID=f7af67f1945425d825f4c0c20c2885e6 
Number of updated asset objects reloaded before import = 0Number of asset objects unloaded after import = 2

========================================================================
Received Import Request.
  Time since last request: 382.291813 seconds.
  path: Assets/Items/HumanBooks/HumanBooks_0_Data.asset
  importAddress: Guid(d96886099c181044180cadfe96d97d63) Importer(815301076,1909f56bfc062723c751e8b465ee728b)
Start importing Assets/Items/HumanBooks/HumanBooks_0_Data.asset using Guid(d96886099c181044180cadfe96d97d63) Importer(815301076,1909f56bfc062723c751e8b465ee728b) (PreviewImporter) -> (Import Result ID: '21d486557ab2f22bf87552e292c80512') in 0.0147191 seconds [static and dynamic dependencies]. Details - ImportResultOutputID=26a8e18e1591a29751fd99bfb94c0a3b DependenciesID=31cb61199052330102cb9b5558c0947d StaticDependenciesID=1dfc041a67cd5db7004d9ab7f2910b1b 
Number of updated asset objects reloaded before import = 0Number of asset objects unloaded after import = 2

========================================================================
Received Import Request.
  Time since last request: 0.012578 seconds.
  path: Assets/Items/HumanBooks/HumanBooks_1_Data.asset
  importAddress: Guid(80427c5b8e4c41249aa7d3ae8434f4d4) Importer(815301076,1909f56bfc062723c751e8b465ee728b)
Start importing Assets/Items/HumanBooks/HumanBooks_1_Data.asset using Guid(80427c5b8e4c41249aa7d3ae8434f4d4) Importer(815301076,1909f56bfc062723c751e8b465ee728b) (PreviewImporter) -> (Import Result ID: '0cd15d5ac0d596ef8f771a18430c5ba2') in 0.0030616 seconds [static and dynamic dependencies]. Details - ImportResultOutputID=f9d2108380333877ba762270ebe36f38 DependenciesID=f7d17b50586310f4e3aaebf2ae3d8a12 StaticDependenciesID=e823426330296048ecf88cba061ebe2a 
Number of updated asset objects reloaded before import = 0Number of asset objects unloaded after import = 2

========================================================================
Received Import Request.
  Time since last request: 0.011996 seconds.
  path: Assets/Items/HumanBooks/HumanBooks_2_Data.asset
  importAddress: Guid(236e18c1e7ad8474eb543ea5263ac1eb) Importer(815301076,1909f56bfc062723c751e8b465ee728b)
Start importing Assets/Items/HumanBooks/HumanBooks_2_Data.asset using Guid(236e18c1e7ad8474eb543ea5263ac1eb) Importer(815301076,1909f56bfc062723c751e8b465ee728b) (PreviewImporter) -> (Import Result ID: '2d781678b1e03b44eaa61a8727926690') in 0.0029937 seconds [static and dynamic dependencies]. Details - ImportResultOutputID=3755a842299fcd07be8b82d2602a64ba DependenciesID=6742171bd77685e597b0c2e11b06e775 StaticDependenciesID=cccb3baf3c82b06998032c3baea17d77 
Number of updated asset objects reloaded before import = 0Number of asset objects unloaded after import = 2

========================================================================
Received Import Request.
  Time since last request: 0.011718 seconds.
  path: Assets/Items/HumanBooks/HumanBooks_3_Data.asset
  importAddress: Guid(f0fdc997dd02c144d816698ec0c3ca58) Importer(815301076,1909f56bfc062723c751e8b465ee728b)
Start importing Assets/Items/HumanBooks/HumanBooks_3_Data.asset using Guid(f0fdc997dd02c144d816698ec0c3ca58) Importer(815301076,1909f56bfc062723c751e8b465ee728b) (PreviewImporter) -> (Import Result ID: '1efd0a4b6a8481ddae469299bedfa04b') in 0.0030458 seconds [static and dynamic dependencies]. Details - ImportResultOutputID=09cf13c250f91e191c89a43f74ba0bb2 DependenciesID=f569980e6b5d7642c6358d39f9705f75 StaticDependenciesID=7b728fdd1ffee193c61ab86f3cb2ba4f 
Number of updated asset objects reloaded before import = 0Number of asset objects unloaded after import = 2

========================================================================
Received Import Request.
  Time since last request: 0.012036 seconds.
  path: Assets/Items/HumanBooks/HumanBooks_4_Data.asset
  importAddress: Guid(602a5e65beed5c94e8176ad0ac5a9a78) Importer(815301076,1909f56bfc062723c751e8b465ee728b)
Start importing Assets/Items/HumanBooks/HumanBooks_4_Data.asset using Guid(602a5e65beed5c94e8176ad0ac5a9a78) Importer(815301076,1909f56bfc062723c751e8b465ee728b) (PreviewImporter) -> (Import Result ID: '77d4e2546f082e7b744cc3492df9e29e') in 0.0024506 seconds [static and dynamic dependencies]. Details - ImportResultOutputID=65d2e33f81827494738239a2301bcb6d DependenciesID=63c8c12fe4e033a7e770369383e40a5e StaticDependenciesID=95c6faccb475b5b254e9bd8146ee21fc 
Number of updated asset objects reloaded before import = 0Number of asset objects unloaded after import = 2

========================================================================
Received Import Request.
  Time since last request: 0.012879 seconds.
  path: Assets/Items/HumanBooks/HumanBooks_5_Data.asset
  importAddress: Guid(49ca773b0fc0e1b42b5c8146787e6839) Importer(815301076,1909f56bfc062723c751e8b465ee728b)
Start importing Assets/Items/HumanBooks/HumanBooks_5_Data.asset using Guid(49ca773b0fc0e1b42b5c8146787e6839) Importer(815301076,1909f56bfc062723c751e8b465ee728b) (PreviewImporter) -> (Import Result ID: 'bdf1bcf52fcf027f4184394eda1b61c4') in 0.0023545 seconds [static and dynamic dependencies]. Details - ImportResultOutputID=3db694963ef5e4aa02d17d2a436fa98a DependenciesID=461fb3a13564342956e7ca77d108b757 StaticDependenciesID=61c0b5a90fcc3b7dd6149e4826487849 
Number of updated asset objects reloaded before import = 0Number of asset objects unloaded after import = 2

========================================================================
Received Import Request.
  Time since last request: 0.011765 seconds.
  path: Assets/Items/HumanBooks/HumanBooks_6_Data.asset
  importAddress: Guid(278f32c6db040544ab37f11bf10e30cd) Importer(815301076,1909f56bfc062723c751e8b465ee728b)
Start importing Assets/Items/HumanBooks/HumanBooks_6_Data.asset using Guid(278f32c6db040544ab37f11bf10e30cd) Importer(815301076,1909f56bfc062723c751e8b465ee728b) (PreviewImporter) -> (Import Result ID: 'c8b4a29c320336fd75a37940a788617c') in 0.0026358 seconds [static and dynamic dependencies]. Details - ImportResultOutputID=3db9d9a1b13ac789f782a4a32900a6f2 DependenciesID=61cc99a5f804fd1d7d61dd1b9a4fff38 StaticDependenciesID=9411461e987cfa9921fa9fe898984466 
Number of updated asset objects reloaded before import = 0Number of asset objects unloaded after import = 2

========================================================================
Received Import Request.
  Time since last request: 0.012052 seconds.
  path: Assets/Items/HumanBooks/HumanBooks_7_Data.asset
  importAddress: Guid(a75d3091711cc3f478ce83f5a6e58a6e) Importer(815301076,1909f56bfc062723c751e8b465ee728b)
Start importing Assets/Items/HumanBooks/HumanBooks_7_Data.asset using Guid(a75d3091711cc3f478ce83f5a6e58a6e) Importer(815301076,1909f56bfc062723c751e8b465ee728b) (PreviewImporter) -> (Import Result ID: '55b10b8dfee6d210ed10209695461753') in 0.0034342 seconds [static and dynamic dependencies]. Details - ImportResultOutputID=6b12586aae7fda438b7f075e4b1efc80 DependenciesID=333f9fe9505d5135520928df20a2e483 StaticDependenciesID=02be46d5d10613d246077861dc8faa90 
Number of updated asset objects reloaded before import = 0Number of asset objects unloaded after import = 2

========================================================================
Received Import Request.
  Time since last request: 278.386300 seconds.
  path: Assets/Items/RareBooks/RareBooks_0_Data.asset
  importAddress: Guid(f547249c5d1048f4e991cf29246a7154) Importer(815301076,1909f56bfc062723c751e8b465ee728b)
Start importing Assets/Items/RareBooks/RareBooks_0_Data.asset using Guid(f547249c5d1048f4e991cf29246a7154) Importer(815301076,1909f56bfc062723c751e8b465ee728b) (PreviewImporter) -> (Import Result ID: 'e65b24c233548ca26d2dbc29e6e562de') in 0.0137016 seconds [static and dynamic dependencies]. Details - ImportResultOutputID=e57eef6b49635793bf6752bb72b34c48 DependenciesID=97adf189fec483aeff1a746163565ea4 StaticDependenciesID=5dad0d2e94761bd8d73f646361207d60 
Number of updated asset objects reloaded before import = 0Number of asset objects unloaded after import = 2

========================================================================
Received Import Request.
  Time since last request: 0.013363 seconds.
  path: Assets/Items/RareBooks/RareBooks_1_Data.asset
  importAddress: Guid(1b21f46ebd9ea2c4da9324d5681f1aca) Importer(815301076,1909f56bfc062723c751e8b465ee728b)
Start importing Assets/Items/RareBooks/RareBooks_1_Data.asset using Guid(1b21f46ebd9ea2c4da9324d5681f1aca) Importer(815301076,1909f56bfc062723c751e8b465ee728b) (PreviewImporter) -> (Import Result ID: 'ed2df532286e716da16d3180fbac97db') in 0.0023322 seconds [static and dynamic dependencies]. Details - ImportResultOutputID=9cc5a1903a0c7a5419babf03f8cae78f DependenciesID=66956df0e2df558c4ceb8af9967b4029 StaticDependenciesID=8638e168f2bc71f09fffcf3a023fcc9b 
Number of updated asset objects reloaded before import = 0Number of asset objects unloaded after import = 2

========================================================================
Received Import Request.
  Time since last request: 0.012874 seconds.
  path: Assets/Items/RareBooks/RareBooks_2_Data.asset
  importAddress: Guid(5f78efd1059292841a225245206dbe7a) Importer(815301076,1909f56bfc062723c751e8b465ee728b)
Start importing Assets/Items/RareBooks/RareBooks_2_Data.asset using Guid(5f78efd1059292841a225245206dbe7a) Importer(815301076,1909f56bfc062723c751e8b465ee728b) (PreviewImporter) -> (Import Result ID: 'b92e4162026ddebcff3fd6145067e407') in 0.0024281 seconds [static and dynamic dependencies]. Details - ImportResultOutputID=ac13f29bad4e73d2d79c4b2fcd6a6cc2 DependenciesID=41b09cf2bde32011452740b6001648e1 StaticDependenciesID=cb025c141a5ac5fd737a9a8ed5de5fa6 
Number of updated asset objects reloaded before import = 0Number of asset objects unloaded after import = 2

========================================================================
Received Import Request.
  Time since last request: 0.011788 seconds.
  path: Assets/Items/RareBooks/RareBooks_3_Data.asset
  importAddress: Guid(3f381b021631f4b44add38735a06877a) Importer(815301076,1909f56bfc062723c751e8b465ee728b)
Start importing Assets/Items/RareBooks/RareBooks_3_Data.asset using Guid(3f381b021631f4b44add38735a06877a) Importer(815301076,1909f56bfc062723c751e8b465ee728b) (PreviewImporter) -> (Import Result ID: 'ea0145925be82426f4ca4f6dab51d4bb') in 0.0022988 seconds [static and dynamic dependencies]. Details - ImportResultOutputID=e5fdb8c1c44ef9b1c5b1b81bc0d13daa DependenciesID=d6de781fbcf7611aae7f360f42748788 StaticDependenciesID=4dfcd24d0c28da411aa017a2fbaa0333 
Number of updated asset objects reloaded before import = 0Number of asset objects unloaded after import = 2

========================================================================
Received Import Request.
  Time since last request: 0.012671 seconds.
  path: Assets/Items/RareBooks/RareBooks_4_Data.asset
  importAddress: Guid(1a96d0b5ce5a46f4fb7a889001665e4c) Importer(815301076,1909f56bfc062723c751e8b465ee728b)
Start importing Assets/Items/RareBooks/RareBooks_4_Data.asset using Guid(1a96d0b5ce5a46f4fb7a889001665e4c) Importer(815301076,1909f56bfc062723c751e8b465ee728b) (PreviewImporter) -> (Import Result ID: '2c55b891403549d7db9f312c7f2426d6') in 0.002627 seconds [static and dynamic dependencies]. Details - ImportResultOutputID=d9e566d9b2402191ac3fc163b2975ed6 DependenciesID=a96f81f9b46707a7b8e16afa44106ef1 StaticDependenciesID=28f3e8ccb03d920a90d7d6640cf18c44 
Number of updated asset objects reloaded before import = 0Number of asset objects unloaded after import = 2

========================================================================
Received Import Request.
  Time since last request: 0.012565 seconds.
  path: Assets/Items/RareBooks/RareBooks_5_Data.asset
  importAddress: Guid(c03f13ef57ad83d4aa5053882b6db443) Importer(815301076,1909f56bfc062723c751e8b465ee728b)
Start importing Assets/Items/RareBooks/RareBooks_5_Data.asset using Guid(c03f13ef57ad83d4aa5053882b6db443) Importer(815301076,1909f56bfc062723c751e8b465ee728b) (PreviewImporter) -> (Import Result ID: '47eafbfe0bb2f73fdf4e3f18253d7ac9') in 0.0024054 seconds [static and dynamic dependencies]. Details - ImportResultOutputID=bfc574856e3f056466b4b422d364cf30 DependenciesID=138f525244b45016eb55b880be7ded62 StaticDependenciesID=a799c76076637d328ecee99d44bcfd61 
Number of updated asset objects reloaded before import = 0Number of asset objects unloaded after import = 2

========================================================================
Received Import Request.
  Time since last request: 0.012129 seconds.
  path: Assets/Items/RareBooks/RareBooks_6_Data.asset
  importAddress: Guid(a3081da205183cb458bc15d9c61bff10) Importer(815301076,1909f56bfc062723c751e8b465ee728b)
Start importing Assets/Items/RareBooks/RareBooks_6_Data.asset using Guid(a3081da205183cb458bc15d9c61bff10) Importer(815301076,1909f56bfc062723c751e8b465ee728b) (PreviewImporter) -> (Import Result ID: '29c5fc35f341545c9b73b84a56836ef1') in 0.0024164 seconds [static and dynamic dependencies]. Details - ImportResultOutputID=c22d9a6ad490ef2b90ac3394bd3114a2 DependenciesID=0d8a7b55ff0d23f2734adb4367e6b36e StaticDependenciesID=0389c909350918cff77db05b467f3899 
Number of updated asset objects reloaded before import = 0Number of asset objects unloaded after import = 2

========================================================================
Received Import Request.
  Time since last request: 0.012066 seconds.
  path: Assets/Items/RareBooks/RareBooks_7_Data.asset
  importAddress: Guid(89cea56a2a4583c4ead72e93901f1d11) Importer(815301076,1909f56bfc062723c751e8b465ee728b)
Start importing Assets/Items/RareBooks/RareBooks_7_Data.asset using Guid(89cea56a2a4583c4ead72e93901f1d11) Importer(815301076,1909f56bfc062723c751e8b465ee728b) (PreviewImporter) -> (Import Result ID: '6c03f975e46c5e8b6328e45a54c370a3') in 0.0023909 seconds [static and dynamic dependencies]. Details - ImportResultOutputID=413d2ffee63c3c09a51ca786d798bb59 DependenciesID=a390a32137a54028ae7112b439c9e1df StaticDependenciesID=45cb3a5e4d45ca15988f4621950dd71d 
Number of updated asset objects reloaded before import = 0Number of asset objects unloaded after import = 2

========================================================================
Received Import Request.
  Time since last request: 3.120188 seconds.
  path: Assets/Items/VampireBooks/VampireBooks_0_Data.asset
  importAddress: Guid(e7204686c241d3d4d94aa5049e471994) Importer(815301076,1909f56bfc062723c751e8b465ee728b)
Start importing Assets/Items/VampireBooks/VampireBooks_0_Data.asset using Guid(e7204686c241d3d4d94aa5049e471994) Importer(815301076,1909f56bfc062723c751e8b465ee728b) (PreviewImporter) -> (Import Result ID: '66ec3de6af1c3c6c28ab60a8546da97a') in 0.0135833 seconds [static and dynamic dependencies]. Details - ImportResultOutputID=e3c2882f6aa14bd705c41579e6b487cd DependenciesID=202a9aa1dc5ad1a51e74a97be0c4aba7 StaticDependenciesID=f06aea641567d4a780ca971e74686c6a 
Number of updated asset objects reloaded before import = 0Number of asset objects unloaded after import = 2

========================================================================
Received Import Request.
  Time since last request: 0.013258 seconds.
  path: Assets/Items/VampireBooks/VampireBooks_1_Data.asset
  importAddress: Guid(7268bd6defbb84a44a98ff29d74c2b71) Importer(815301076,1909f56bfc062723c751e8b465ee728b)
Start importing Assets/Items/VampireBooks/VampireBooks_1_Data.asset using Guid(7268bd6defbb84a44a98ff29d74c2b71) Importer(815301076,1909f56bfc062723c751e8b465ee728b) (PreviewImporter) -> (Import Result ID: 'e5ec2e2902d48e9a798b40ba911ca5cc') in 0.0029613 seconds [static and dynamic dependencies]. Details - ImportResultOutputID=98a668d5d6d2d07331fb575fdd71df48 DependenciesID=b2ba56587c0d23f36b9b08643149fe23 StaticDependenciesID=1862292ebf6916989a8c67602b858b26 
Number of updated asset objects reloaded before import = 0Number of asset objects unloaded after import = 2

========================================================================
Received Import Request.
  Time since last request: 0.012668 seconds.
  path: Assets/Items/VampireBooks/VampireBooks_2_Data.asset
  importAddress: Guid(4330e7ec5a181cc4ab6364aae3ac5f0a) Importer(815301076,1909f56bfc062723c751e8b465ee728b)
Start importing Assets/Items/VampireBooks/VampireBooks_2_Data.asset using Guid(4330e7ec5a181cc4ab6364aae3ac5f0a) Importer(815301076,1909f56bfc062723c751e8b465ee728b) (PreviewImporter) -> (Import Result ID: '5e173eaa23ff31646477ba4290835162') in 0.0028411 seconds [static and dynamic dependencies]. Details - ImportResultOutputID=dc89c97d19c075fb3679973774be8ddb DependenciesID=7ee8b36b8b675b6b1ba8b491655d35c2 StaticDependenciesID=fbbd013457cb48ae4b90f6d484cb643b 
Number of updated asset objects reloaded before import = 0Number of asset objects unloaded after import = 2

========================================================================
Received Import Request.
  Time since last request: 0.012297 seconds.
  path: Assets/Items/VampireBooks/VampireBooks_3_Data.asset
  importAddress: Guid(df05d2e397b15c640b616359c1af518a) Importer(815301076,1909f56bfc062723c751e8b465ee728b)
Start importing Assets/Items/VampireBooks/VampireBooks_3_Data.asset using Guid(df05d2e397b15c640b616359c1af518a) Importer(815301076,1909f56bfc062723c751e8b465ee728b) (PreviewImporter) -> (Import Result ID: 'ab461d93b01d6a89ce278aab301c898c') in 0.0025033 seconds [static and dynamic dependencies]. Details - ImportResultOutputID=7e7c5f5588a8d5df8d51efa459be7c0b DependenciesID=bf3c6dcd4e2914cce9ad4075c23747f8 StaticDependenciesID=372aed8833cbeda453c3cb7fdf120150 
Number of updated asset objects reloaded before import = 0Number of asset objects unloaded after import = 2

========================================================================
Received Import Request.
  Time since last request: 0.016955 seconds.
  path: Assets/Items/VampireBooks/VampireBooks_4_Data.asset
  importAddress: Guid(b55167562af30b94796b04d193b85075) Importer(815301076,1909f56bfc062723c751e8b465ee728b)
Start importing Assets/Items/VampireBooks/VampireBooks_4_Data.asset using Guid(b55167562af30b94796b04d193b85075) Importer(815301076,1909f56bfc062723c751e8b465ee728b) (PreviewImporter) -> (Import Result ID: '1c16c185cb4e8e65266b46aabdc25276') in 0.0032166 seconds [static and dynamic dependencies]. Details - ImportResultOutputID=96916cc9fa0b28d30d000d86c57c4f6a DependenciesID=4078e216f676bff1ab27ba4f51026f63 StaticDependenciesID=5ba8d3d0e333679c1f43afc5d6ce42ba 
Number of updated asset objects reloaded before import = 0Number of asset objects unloaded after import = 2

========================================================================
Received Import Request.
  Time since last request: 0.013678 seconds.
  path: Assets/Items/VampireBooks/VampireBooks_5_Data.asset
  importAddress: Guid(0b2ef43fd94e51d4ebc125b863695c24) Importer(815301076,1909f56bfc062723c751e8b465ee728b)
Start importing Assets/Items/VampireBooks/VampireBooks_5_Data.asset using Guid(0b2ef43fd94e51d4ebc125b863695c24) Importer(815301076,1909f56bfc062723c751e8b465ee728b) (PreviewImporter) -> (Import Result ID: '63827149a8597a213cb2e8f3a2a1ce9e') in 0.003544 seconds [static and dynamic dependencies]. Details - ImportResultOutputID=8e149480f676a529d03d5772d130c5b6 DependenciesID=ff594fc56fd69b8003cdc28c54f2c29a StaticDependenciesID=4a50b13dcf8ab9c6edf43b53e5c89894 
Number of updated asset objects reloaded before import = 0Number of asset objects unloaded after import = 2

========================================================================
Received Import Request.
  Time since last request: 0.012617 seconds.
  path: Assets/Items/VampireBooks/VampireBooks_6_Data.asset
  importAddress: Guid(1286e811a0081bd48822d768b82b7f3f) Importer(815301076,1909f56bfc062723c751e8b465ee728b)
Start importing Assets/Items/VampireBooks/VampireBooks_6_Data.asset using Guid(1286e811a0081bd48822d768b82b7f3f) Importer(815301076,1909f56bfc062723c751e8b465ee728b) (PreviewImporter) -> (Import Result ID: 'f12d719e3a944b7a6ab1fe98b082a48e') in 0.0029816 seconds [static and dynamic dependencies]. Details - ImportResultOutputID=b9649908840148503839bf82adebe46f DependenciesID=262c9ee549689a96ed8130d48d23ef25 StaticDependenciesID=4b236a883146ede923b14e8184551f41 
Number of updated asset objects reloaded before import = 0Number of asset objects unloaded after import = 2

========================================================================
Received Import Request.
  Time since last request: 0.014377 seconds.
  path: Assets/Items/VampireBooks/VampireBooks_7_Data.asset
  importAddress: Guid(fb37e274594ee914a90cf9db141bf2f7) Importer(815301076,1909f56bfc062723c751e8b465ee728b)
Start importing Assets/Items/VampireBooks/VampireBooks_7_Data.asset using Guid(fb37e274594ee914a90cf9db141bf2f7) Importer(815301076,1909f56bfc062723c751e8b465ee728b) (PreviewImporter) -> (Import Result ID: 'cde78f766f55e2c81953365ffaea3dca') in 0.003404 seconds [static and dynamic dependencies]. Details - ImportResultOutputID=669d10b7a4d267649999bfbd16c70277 DependenciesID=e622f9145cdeb5e2baf3083828765f95 StaticDependenciesID=8f87344efb10b51812596f5b2665fd09 
Number of updated asset objects reloaded before import = 0Number of asset objects unloaded after import = 2

========================================================================
Received Import Request.
  Time since last request: 291.744870 seconds.
  path: Assets/Items/WizardBooks/WizardBooks_0_Data.asset
  importAddress: Guid(57dcb3256b197b54ab6c1a330fb93a98) Importer(815301076,1909f56bfc062723c751e8b465ee728b)
Start importing Assets/Items/WizardBooks/WizardBooks_0_Data.asset using Guid(57dcb3256b197b54ab6c1a330fb93a98) Importer(815301076,1909f56bfc062723c751e8b465ee728b) (PreviewImporter) -> (Import Result ID: 'fd580b445545ad68c390e1d3e6c17bb2') in 0.013412 seconds [static and dynamic dependencies]. Details - ImportResultOutputID=9531c554c4e1f4c0f7e65b5cc6faf44c DependenciesID=a26587ada6db212c5d03a8cd017321ef StaticDependenciesID=0424da8b1f9214fa7e2be770d7cfeebb 
Number of updated asset objects reloaded before import = 0Number of asset objects unloaded after import = 2

========================================================================
Received Import Request.
  Time since last request: 0.012990 seconds.
  path: Assets/Items/WizardBooks/WizardBooks_1_Data.asset
  importAddress: Guid(a5539757b8e79c1419c1ad7a5a143154) Importer(815301076,1909f56bfc062723c751e8b465ee728b)
Start importing Assets/Items/WizardBooks/WizardBooks_1_Data.asset using Guid(a5539757b8e79c1419c1ad7a5a143154) Importer(815301076,1909f56bfc062723c751e8b465ee728b) (PreviewImporter) -> (Import Result ID: '55e766b826e9d261357f8022d5faf785') in 0.0029181 seconds [static and dynamic dependencies]. Details - ImportResultOutputID=95819ca8d62150c31f6c4e4f6263a46e DependenciesID=24b196a54dc5d69406d54341288a1e77 StaticDependenciesID=3bacd83f9b3f2eaf81d3a70b02c9b254 
Number of updated asset objects reloaded before import = 0Number of asset objects unloaded after import = 2

========================================================================
Received Import Request.
  Time since last request: 0.012731 seconds.
  path: Assets/Items/WizardBooks/WizardBooks_2_Data.asset
  importAddress: Guid(e6202ac9f2494d0439b5d64c50a843d5) Importer(815301076,1909f56bfc062723c751e8b465ee728b)
Start importing Assets/Items/WizardBooks/WizardBooks_2_Data.asset using Guid(e6202ac9f2494d0439b5d64c50a843d5) Importer(815301076,1909f56bfc062723c751e8b465ee728b) (PreviewImporter) -> (Import Result ID: 'fe59887ba38943b413f258649f718dd0') in 0.0025319 seconds [static and dynamic dependencies]. Details - ImportResultOutputID=3e856b5fc510279253c7925bdd528b76 DependenciesID=23c73410508bd9daef93a66f6223763a StaticDependenciesID=1dd7be3ca00b4aabcdb0e0fb97986625 
Number of updated asset objects reloaded before import = 0Number of asset objects unloaded after import = 2

========================================================================
Received Import Request.
  Time since last request: 0.012506 seconds.
  path: Assets/Items/WizardBooks/WizardBooks_3_Data.asset
  importAddress: Guid(07d2f13f37e247049937c47c2656a2ca) Importer(815301076,1909f56bfc062723c751e8b465ee728b)
Start importing Assets/Items/WizardBooks/WizardBooks_3_Data.asset using Guid(07d2f13f37e247049937c47c2656a2ca) Importer(815301076,1909f56bfc062723c751e8b465ee728b) (PreviewImporter) -> (Import Result ID: '46f12739a3cf2b7512d5ed56d2d89c12') in 0.0024172 seconds [static and dynamic dependencies]. Details - ImportResultOutputID=b76dce2b0851f8edcd32881e4b7f6e92 DependenciesID=6be209ca235a00af393379bc42f5b82c StaticDependenciesID=7b821e50446cb6b93671464b62cb9304 
Number of updated asset objects reloaded before import = 0Number of asset objects unloaded after import = 2

========================================================================
Received Import Request.
  Time since last request: 0.010849 seconds.
  path: Assets/Items/WizardBooks/WizardBooks_4_Data.asset
  importAddress: Guid(e54b5e8994a52024b8ebcf55cd4bc4f6) Importer(815301076,1909f56bfc062723c751e8b465ee728b)
Start importing Assets/Items/WizardBooks/WizardBooks_4_Data.asset using Guid(e54b5e8994a52024b8ebcf55cd4bc4f6) Importer(815301076,1909f56bfc062723c751e8b465ee728b) (PreviewImporter) -> (Import Result ID: 'e0bd5721531f9510fe20a36992e60128') in 0.0024354 seconds [static and dynamic dependencies]. Details - ImportResultOutputID=c342bfb74a6be759c610a0bebef95135 DependenciesID=bae3ca81f23527135d1ac724625ba87d StaticDependenciesID=6eecfe6f620588929e89c6cefc281331 
Number of updated asset objects reloaded before import = 0Number of asset objects unloaded after import = 2

========================================================================
Received Import Request.
  Time since last request: 0.011257 seconds.
  path: Assets/Items/WizardBooks/WizardBooks_5_Data.asset
  importAddress: Guid(c9e92ef6f16d630479239c2ad27e10ee) Importer(815301076,1909f56bfc062723c751e8b465ee728b)
Start importing Assets/Items/WizardBooks/WizardBooks_5_Data.asset using Guid(c9e92ef6f16d630479239c2ad27e10ee) Importer(815301076,1909f56bfc062723c751e8b465ee728b) (PreviewImporter) -> (Import Result ID: '0c467b881c24bf2f4806d30023690abd') in 0.0025227 seconds [static and dynamic dependencies]. Details - ImportResultOutputID=d8f78c7160b93d128ee56c99a81c7c08 DependenciesID=c57ab235adc6f0acd8528556fa67a22a StaticDependenciesID=9a1d8a1f6f54e9610aa84720a40b2802 
Number of updated asset objects reloaded before import = 0Number of asset objects unloaded after import = 2

========================================================================
Received Import Request.
  Time since last request: 0.011543 seconds.
  path: Assets/Items/WizardBooks/WizardBooks_6_Data.asset
  importAddress: Guid(f355aae6afd5a7a4b8317d8bb9352f3c) Importer(815301076,1909f56bfc062723c751e8b465ee728b)
Start importing Assets/Items/WizardBooks/WizardBooks_6_Data.asset using Guid(f355aae6afd5a7a4b8317d8bb9352f3c) Importer(815301076,1909f56bfc062723c751e8b465ee728b) (PreviewImporter) -> (Import Result ID: 'c4a2d8fb2ce3dde1fc9784acf0b065fb') in 0.0024868 seconds [static and dynamic dependencies]. Details - ImportResultOutputID=3b902825842a66e3c49a8b4cf7d02f13 DependenciesID=24f8738d2d9d7b8b18e64a49e7cf7149 StaticDependenciesID=37f32e0ce9ef7cc476b15fed007b692a 
Number of updated asset objects reloaded before import = 0Number of asset objects unloaded after import = 2

========================================================================
Received Import Request.
  Time since last request: 0.011416 seconds.
  path: Assets/Items/WizardBooks/WizardBooks_7_Data.asset
  importAddress: Guid(ccfbb69c994beea45b413675569e7878) Importer(815301076,1909f56bfc062723c751e8b465ee728b)
Start importing Assets/Items/WizardBooks/WizardBooks_7_Data.asset using Guid(ccfbb69c994beea45b413675569e7878) Importer(815301076,1909f56bfc062723c751e8b465ee728b) (PreviewImporter) -> (Import Result ID: 'f32a684243cd7bf84281b441303c28c7') in 0.0026824 seconds [static and dynamic dependencies]. Details - ImportResultOutputID=1cca76db9d4b2140023ee3a06635d334 DependenciesID=09cebd7c269414bf52595ac19cf36fff StaticDependenciesID=f8371f4b888e5c0926bce670ff617867 
Number of updated asset objects reloaded before import = 0Number of asset objects unloaded after import = 2

========================================================================
Received Prepare
Begin MonoManager ReloadAssembly
[Licensing::Client] Successfully resolved entitlement details
[Licensing::Module] License group:
  Id: F4-EDDV-NH36-DFSG-KPVM-XXXX
  Product: Unity Personal
  Type: ULF
  Expiration: Unlimited
[Licensing::Module] License group:
  Id: 18967685329695-UnityPersXXXX
  Product: Unity Personal
  Type: Assigned
  Expiration: Unlimited
Assembly Assembly-CSharp-Editor-firstpass.dll at Library/ScriptAssemblies/Assembly-CSharp-Editor-firstpass.dll not valid. Loading of assembly skipped.
Assembly Assembly-CSharp-Editor.dll at Library/ScriptAssemblies/Assembly-CSharp-Editor.dll not valid. Loading of assembly skipped.
Assembly Assembly-CSharp-firstpass.dll at Library/ScriptAssemblies/Assembly-CSharp-firstpass.dll not valid. Loading of assembly skipped.
Assembly Unity.2D.Sprite.Package.EditorTests.dll at Library/ScriptAssemblies/Unity.2D.Sprite.Package.EditorTests.dll not valid. Loading of assembly skipped.
Assembly Unity.Multiplayer.Center.Editor.Tests.dll at Library/ScriptAssemblies/Unity.Multiplayer.Center.Editor.Tests.dll not valid. Loading of assembly skipped.
Assembly Unity.Multiplayer.Center.Tests.dll at Library/ScriptAssemblies/Unity.Multiplayer.Center.Tests.dll not valid. Loading of assembly skipped.
Assembly Unity.TextMeshPro.Editor.Tests.dll at Library/ScriptAssemblies/Unity.TextMeshPro.Editor.Tests.dll not valid. Loading of assembly skipped.
Assembly Unity.TextMeshPro.Tests.dll at Library/ScriptAssemblies/Unity.TextMeshPro.Tests.dll not valid. Loading of assembly skipped.
Assembly UnityEditor.UI.Common.Tests.dll at Library/ScriptAssemblies/UnityEditor.UI.Common.Tests.dll not valid. Loading of assembly skipped.
Assembly UnityEditor.UI.EditorTests.dll at Library/ScriptAssemblies/UnityEditor.UI.EditorTests.dll not valid. Loading of assembly skipped.
Assembly UnityEngine.UI.Tests.dll at Library/ScriptAssemblies/UnityEngine.UI.Tests.dll not valid. Loading of assembly skipped.
Native extension for WindowsStandalone target not found
[Package Manager] Failed to launch server process. Reason: Unity was launched with the -noUpm command-line argument
[Package Manager] Unable to send message (not connected to server process).
[Package Manager] Cannot connect to Unity Package Manager local server
ScheduleIndexationOnStartup MainProcess:False IndexOnStartup:True
Mono: successfully reloaded assembly
- Finished resetting the current domain, in  1.699 seconds
Domain Reload Profiling: 2892ms
	BeginReloadAssembly (459ms)
		DisableScriptedObjects (18ms)
		CreateAndSetChildDomain (55ms)
	RebuildCommonClasses (478ms)
	RebuildNativeTypeToScriptingClass (28ms)
	initialDomainReloadingComplete (114ms)
	LoadAllAssembliesAndSetupDomain (110ms)
		LoadAssemblies (321ms)
		AnalyzeDomain (70ms)
			TypeCache.Refresh (16ms)
			BuildScriptInfoCaches (44ms)
			ResolveRequiredComponents (6ms)
	FinalizeReload (1704ms)
		SetupLoadedEditorAssemblies (0ms)
			InitializePlatformSupportModulesInManaged (5ms)
			BeforeProcessingInitializeOnLoad (329ms)
			ProcessInitializeOnLoadAttributes (245ms)
			ProcessInitializeOnLoadMethodAttributes (132ms)
			AfterProcessingInitializeOnLoad (25ms)
		AwakeInstancesAfterBackupRestoration (28ms)
Unloading 0 Unused Serialized files (Serialized files now loaded: 0)
Unloading 502 unused Assets / (28.8 KB). Loaded Objects now: 1127.
Memory consumption went from 70.3 MB to 70.2 MB.
Total: 9.007900 ms (FindLiveObjects: 0.136900 ms CreateObjectMapping: 0.047300 ms MarkObjects: 8.538800 ms  DeleteObjects: 0.283200 ms)

Prepare: number of updated asset objects reloaded= 0
========================================================================
Received Import Request.
  Time since last request: 6369.665825 seconds.
  path: Assets/Scenes/DayScreen.unity
  importAddress: Guid(512a201b54a6bb34fa2d25340b03cee3) Importer(815301076,1909f56bfc062723c751e8b465ee728b)
Start importing Assets/Scenes/DayScreen.unity using Guid(512a201b54a6bb34fa2d25340b03cee3) Importer(815301076,1909f56bfc062723c751e8b465ee728b) (PreviewImporter) -> (Import Result ID: 'ab9988448fc011c5c6327b5d0af36b4a') in 0.0628868 seconds [static and dynamic dependencies]. Details - ImportResultOutputID=459d9e5ee40d717c21da18e7332540d4 DependenciesID=9a39d7a79e4c992c4af2c9ccbebd3b3e StaticDependenciesID=64703a1b6e9138db1a626882b4ec1887 
Number of updated asset objects reloaded before import = 0Number of asset objects unloaded after import = 0

========================================================================
Received Import Request.
  Time since last request: 107.436783 seconds.
  path: Assets/Prefabs/Customers/DwarfCustomers/Dwarf_1.prefab
  importAddress: Guid(8705cad88c53b1b4eb20d468e0306736) Importer(815301076,1909f56bfc062723c751e8b465ee728b)
Start importing Assets/Prefabs/Customers/DwarfCustomers/Dwarf_1.prefab using Guid(8705cad88c53b1b4eb20d468e0306736) Importer(815301076,1909f56bfc062723c751e8b465ee728b) (PreviewImporter) -> (Import Result ID: '181a6a95117b45e13d7f081828f03eda') in 1.0004507 seconds [static and dynamic dependencies]. Details - ImportResultOutputID=dad87e56e398a225e5dcf28440e9378b DependenciesID=7dfac533440457a07bb91f1a3d41dbc6 StaticDependenciesID=ec1508bcafbf712a2b42ed30e9b753bc 
Number of updated asset objects reloaded before import = 0Number of asset objects unloaded after import = 10

========================================================================
Received Import Request.
  Time since last request: 0.000042 seconds.
  path: Assets/Prefabs/Customers/ElfCustomers/Elf_3.prefab
  importAddress: Guid(a80abcb8f778d14498715fc8f3ca13b9) Importer(815301076,1909f56bfc062723c751e8b465ee728b)
Start importing Assets/Prefabs/Customers/ElfCustomers/Elf_3.prefab using Guid(a80abcb8f778d14498715fc8f3ca13b9) Importer(815301076,1909f56bfc062723c751e8b465ee728b) (PreviewImporter) -> (Import Result ID: 'c46402d2913e9d1f6d36881b149a466f') in 0.0527768 seconds [static and dynamic dependencies]. Details - ImportResultOutputID=652df5bf605d31497dc627e8116c9f05 DependenciesID=511bf1c35301ac4b043e8c3e87fcbba9 StaticDependenciesID=b34f66d6bf74e0e915898074e9a09e5e 
Number of updated asset objects reloaded before import = 0Number of asset objects unloaded after import = 12

========================================================================
Received Import Request.
  Time since last request: 0.000057 seconds.
  path: Assets/Prefabs/Customers/ElfCustomers/Elf_4.prefab
  importAddress: Guid(538fa953a5a9fc94aa663d244bda93b7) Importer(815301076,1909f56bfc062723c751e8b465ee728b)
Start importing Assets/Prefabs/Customers/ElfCustomers/Elf_4.prefab using Guid(538fa953a5a9fc94aa663d244bda93b7) Importer(815301076,1909f56bfc062723c751e8b465ee728b) (PreviewImporter) -> (Import Result ID: '72fc4c8c2c686665893c2229a120d140') in 0.0456663 seconds [static and dynamic dependencies]. Details - ImportResultOutputID=565e5e87b2c30734262d291d8c12174d DependenciesID=bdc9345430e32415533f94f084b2e076 StaticDependenciesID=f492ada57ab180cb109a0a371dcc061c 
Number of updated asset objects reloaded before import = 0Number of asset objects unloaded after import = 12

========================================================================
Received Import Request.
  Time since last request: 0.000058 seconds.
  path: Assets/Prefabs/Customers/ElfCustomers/Elf_2.prefab
  importAddress: Guid(9f1b7728d8dbd8d4a8c17ecc26dd336e) Importer(815301076,1909f56bfc062723c751e8b465ee728b)
Start importing Assets/Prefabs/Customers/ElfCustomers/Elf_2.prefab using Guid(9f1b7728d8dbd8d4a8c17ecc26dd336e) Importer(815301076,1909f56bfc062723c751e8b465ee728b) (PreviewImporter) -> (Import Result ID: '5287ab9925293a8198e4fcba34b38347') in 0.0554913 seconds [static and dynamic dependencies]. Details - ImportResultOutputID=45a467dcca4ea28f21da93417496418f DependenciesID=54ef02394b1f9dfb41a05483e3b0c101 StaticDependenciesID=c30682bbaa927a86f4d766e2b91c17eb 
Number of updated asset objects reloaded before import = 0Number of asset objects unloaded after import = 12

Editor requested this worker to shutdown with reason: Scaling down because of idle timeout
AssetImportWorker is now disconnected from the server
Process exiting
Exiting without the bug reporter. Application will terminate with return code 0